// Jest Snapshot v1, https://goo.gl/fbAQLP

exports[`Steps behave normally on component/dom/functionality/events level component-level behave normally UnifiedChange render successfully 1`] = `
<tr
  className="diff-line"
>
  <td
    className="diff-gutter diff-gutter-insert"
  />
  <td
    className="diff-gutter diff-gutter-insert"
    data-line-number={0}
  />
  <td
    className="diff-code diff-code-insert"
  >
    I am the coolest one
  </td>
</tr>
`;
